BL51 BANKED LINKER/LOCATER V5.00                                                        06/25/2010  16:03:10  PAGE 1


BL51 BANKED LINKER/LOCATER V5.00, INVOKED BY:
C:\KEIL\C51\BIN\BL51.EXE ÊÕ¶Ë¡ª¡ªºËÐÄµ¥Æ¬»ú³ÌÐò.obj TO Ð¡³µºËÐÄµ¥Æ¬»ú³ÌÐò RAMSIZE (256)


MEMORY MODEL: SMALL


INPUT MODULES INCLUDED:
  ÊÕ¶Ë¡ª¡ªºËÐÄµ¥Æ¬»ú³ÌÐò.obj (Ê_¶________Äµ¥_¬»____ò)
  C:\KEIL\C51\LIB\C51S.LIB (?C_STARTUP)


LINK MAP OF MODULE:  Ð¡³µºËÐÄµ¥Æ¬»ú³ÌÐò (Ê_¶________Äµ¥_¬»____ò)


            TYPE    BASE      LENGTH    RELOCATION   SEGMENT NAME
            -----------------------------------------------------

            * * * * * * *   D A T A   M E M O R Y   * * * * * * *
            REG     0000H     0008H     ABSOLUTE     "REG BANK 0"
            DATA    0008H     0001H     UNIT         _DATA_GROUP_
                    0009H     0017H                  *** GAP ***
            DATA    0020H     0001H     BIT_ADDR     ?BA?Ê_¶________Äµ¥_¬»____ò
            DATA    0021H     0045H     UNIT         ?DT?Ê_¶________Äµ¥_¬»____ò
            IDATA   0066H     0001H     UNIT         ?STACK

            * * * * * * *   C O D E   M E M O R Y   * * * * * * *
            CODE    0000H     0003H     ABSOLUTE     
            CODE    0003H     00C7H     UNIT         ?PR?MAIN?Ê_¶________Äµ¥_¬»____ò
            CODE    00CAH     0025H     UNIT         ?PR?CONFIG905?Ê_¶________Äµ¥_¬»____ò
            CODE    00EFH     0023H     UNIT         ?PR?RXPACKET?Ê_¶________Äµ¥_¬»____ò
            CODE    0112H     001CH     UNIT         ?PR?_SPIWRITE?Ê_¶________Äµ¥_¬»____ò
            CODE    012EH     001CH     UNIT         ?PR?SPIREAD?Ê_¶________Äµ¥_¬»____ò
            CODE    014AH     001AH     UNIT         ?PR?_DELAY?Ê_¶________Äµ¥_¬»____ò
            CODE    0164H     0012H     UNIT         ?PR?_DELAYMS?Ê_¶________Äµ¥_¬»____ò
            CODE    0176H     000CH     UNIT         ?C_C51STARTUP
            CODE    0182H     000BH     UNIT         ?CO?Ê_¶________Äµ¥_¬»____ò
            CODE    018DH     0009H     UNIT         ?PR?SETRXMODE?Ê_¶________Äµ¥_¬»____ò
            CODE    0196H     0009H     UNIT         ?PR?REFREE_ALLPINS?Ê_¶________Äµ¥_¬»____ò



OVERLAY MAP OF MODULE:   Ð¡³µºËÐÄµ¥Æ¬»ú³ÌÐò (Ê_¶________Äµ¥_¬»____ò)


SEGMENT                                            DATA_GROUP 
  +--> CALLED SEGMENT                            START    LENGTH
----------------------------------------------------------------
?C_C51STARTUP                                    -----    -----
  +--> ?PR?MAIN?Ê_¶________Äµ¥_¬»____ò

?PR?MAIN?Ê_¶________Äµ¥_¬»____ò                  -----    -----
  +--> ?PR?CONFIG905?Ê_¶________Äµ¥_¬»____ò
  +--> ?PR?_DELAY?Ê_¶________Äµ¥_¬»____ò
  +--> ?PR?SETRXMODE?Ê_¶________Äµ¥_¬»____ò
  +--> ?PR?RXPACKET?Ê_¶________Äµ¥_¬»____ò
  +--> ?PR?_DELAYMS?Ê_¶________Äµ¥_¬»____ò
  +--> ?PR?REFREE_ALLPINS?Ê_¶________Äµ¥_¬»_...
BL51 BANKED LINKER/LOCATER V5.00                                                      06/25/2010  16:03:10  PAGE 2



?PR?CONFIG905?Ê_¶________Äµ¥_¬»____ò             0008H    0001H
  +--> ?PR?_SPIWRITE?Ê_¶________Äµ¥_¬»____ò
  +--> ?CO?Ê_¶________Äµ¥_¬»____ò

?PR?SETRXMODE?Ê_¶________Äµ¥_¬»____ò             -----    -----
  +--> ?PR?_DELAY?Ê_¶________Äµ¥_¬»____ò

?PR?RXPACKET?Ê_¶________Äµ¥_¬»____ò              -----    -----
  +--> ?PR?_SPIWRITE?Ê_¶________Äµ¥_¬»____ò
  +--> ?PR?SPIREAD?Ê_¶________Äµ¥_¬»____ò



SYMBOL TABLE OF MODULE:  Ð¡³µºËÐÄµ¥Æ¬»ú³ÌÐò (Ê_¶________Äµ¥_¬»____ò)

  VALUE           TYPE          NAME
  ----------------------------------

  -------         MODULE        Ê_¶________Äµ¥_¬»____ò
  C:0000H         SYMBOL        _ICE_DUMMY_
  B:0090H.5       PUBLIC        PWR_UP
  C:018DH         PUBLIC        SetRxMode
  D:0090H         PUBLIC        P1
  D:00A0H         PUBLIC        P2
  D:00B0H         PUBLIC        P3
  B:00B0H.4       PUBLIC        T0
  B:00D0H.6       PUBLIC        AC
  B:00B0H.5       PUBLIC        T1
  B:0090H.0       PUBLIC        T2
  B:00A8H.7       PUBLIC        EA
  B:0090H.4       PUBLIC        CD
  B:0090H.3       PUBLIC        AM
  D:00A8H         PUBLIC        IE
  B:00B0H.2       PUBLIC        DR
  B:00C8H.6       PUBLIC        EXF2
  B:00B0H.7       PUBLIC        RD
  B:00A8H.4       PUBLIC        ES
  D:00B8H         PUBLIC        IP
  B:0098H.0       PUBLIC        RI
  C:0112H         PUBLIC        _SpiWrite
  B:0020H.7       PUBLIC        flag
  B:00B0H.2       PUBLIC        INT0
  B:00D0H.7       PUBLIC        CY
  B:0098H.1       PUBLIC        TI
  B:00B0H.3       PUBLIC        INT1
  B:0090H.7       PUBLIC        TX_EN
  C:0182H         PUBLIC        RxTxConf
  D:0021H         PUBLIC        rsbrf
  B:00B8H.4       PUBLIC        PS
  B:0090H.1       PUBLIC        T2EX
  B:00D0H.2       PUBLIC        OV
  C:0003H         PUBLIC        main
  C:00EFH         PUBLIC        RxPacket
  B:00C8H.1       PUBLIC        C_T2
  B:00B0H.6       PUBLIC        WR
  C:012EH         PUBLIC        SpiRead
BL51 BANKED LINKER/LOCATER V5.00                                                      06/25/2010  16:03:10  PAGE 3


  B:00C8H.5       PUBLIC        RCLK
  B:00C8H.4       PUBLIC        TCLK
  D:0098H         PUBLIC        SCON
  D:0088H         PUBLIC        TCON
  B:0090H.0       PUBLIC        MOSI
  B:0090H.1       PUBLIC        MISO
  B:0088H.1       PUBLIC        IE0
  B:0088H.3       PUBLIC        IE1
  B:00C8H.0       PUBLIC        CP_RL2
  B:00A8H.1       PUBLIC        ET0
  B:00A0H.1       PUBLIC        duoji_1_down
  D:0022H         PUBLIC        key
  B:00A8H.3       PUBLIC        ET1
  B:0088H.5       PUBLIC        TF0
  B:00A0H.3       PUBLIC        duoji_2_down
  B:00A8H.5       PUBLIC        ET2
  B:0088H.7       PUBLIC        TF1
  B:00C8H.7       PUBLIC        TF2
  B:0098H.2       PUBLIC        RB8
  B:0020H.0       PUBLIC        flag1
  B:00A8H.0       PUBLIC        EX0
  B:0088H.0       PUBLIC        IT0
  B:0098H.3       PUBLIC        TB8
  B:00A8H.2       PUBLIC        EX1
  B:0088H.2       PUBLIC        IT1
  B:00D0H.0       PUBLIC        P
  B:0098H.7       PUBLIC        SM0
  C:014AH         PUBLIC        _Delay
  B:0098H.6       PUBLIC        SM1
  B:0090H.2       PUBLIC        allowmotorchack_flag
  B:0098H.5       PUBLIC        SM2
  C:0164H         PUBLIC        _delayms
  B:00B8H.1       PUBLIC        PT0
  C:0196H         PUBLIC        refree_allpins
  B:00B8H.3       PUBLIC        PT1
  B:00D0H.3       PUBLIC        RS0
  B:00A0H.4       PUBLIC        motor_1_1
  B:00B8H.5       PUBLIC        PT2
  B:0088H.4       PUBLIC        TR0
  B:00D0H.4       PUBLIC        RS1
  B:00A0H.6       PUBLIC        motor_2_1
  B:00A0H.5       PUBLIC        motor_1_2
  B:0088H.6       PUBLIC        TR1
  B:00A0H.7       PUBLIC        motor_2_2
  B:00C8H.2       PUBLIC        TR2
  B:00B8H.0       PUBLIC        PX0
  D:0020H         PUBLIC        DATA_BUF
  B:00B8H.2       PUBLIC        PX1
  B:00B0H.7       PUBLIC        SCK
  B:00C8H.3       PUBLIC        EXEN2
  B:00B0H.3       PUBLIC        CSN
  B:0098H.4       PUBLIC        REN
  D:0023H         PUBLIC        Textbuf
  B:0090H.6       PUBLIC        TRX_CE
  D:00C8H         PUBLIC        T2CON
  D:0025H         PUBLIC        RxBuf
  D:0045H         PUBLIC        TxBuf
BL51 BANKED LINKER/LOCATER V5.00                                                      06/25/2010  16:03:10  PAGE 4


  B:00B0H.0       PUBLIC        RXD
  B:00B0H.1       PUBLIC        TXD
  B:00A0H.0       PUBLIC        duoji_1_up
  B:00D0H.5       PUBLIC        F0
  B:00A0H.2       PUBLIC        duoji_2_up
  C:00CAH         PUBLIC        Config905
  D:0065H         PUBLIC        delayf
  D:00D0H         PUBLIC        PSW
  -------         PROC          _DELAY
  D:0007H         SYMBOL        n
  -------         DO            
  D:0004H         SYMBOL        i
  -------         ENDDO         
  C:014AH         LINE#         99
  C:014AH         LINE#         100
  C:014AH         LINE#         102
  C:0150H         LINE#         103
  C:0163H         LINE#         104
  -------         ENDPROC       _DELAY
  -------         PROC          MAIN
  C:0003H         LINE#         106
  C:0003H         LINE#         107
  C:0003H         LINE#         112
  C:0005H         LINE#         113
  C:0007H         LINE#         114
  C:0009H         LINE#         115
  C:000BH         LINE#         116
  C:000DH         LINE#         117
  C:000FH         LINE#         118
  C:0011H         LINE#         121
  C:0014H         LINE#         123
  C:0016H         LINE#         125
  C:0016H         LINE#         126
  C:0016H         LINE#         128
  C:001BH         LINE#         129
  C:001EH         LINE#         130
  C:0021H         LINE#         131
  C:0024H         LINE#         132
  C:0024H         LINE#         136
  C:0029H         LINE#         137
  C:002BH         LINE#         138
  C:002DH         LINE#         139
  C:002FH         LINE#         140
  C:002FH         LINE#         141
  C:0031H         LINE#         142
  C:0033H         LINE#         143
  C:0033H         LINE#         146
  C:0038H         LINE#         147
  C:003AH         LINE#         148
  C:003CH         LINE#         149
  C:003EH         LINE#         150
  C:003EH         LINE#         151
  C:0040H         LINE#         152
  C:0042H         LINE#         153
  C:0042H         LINE#         156
  C:0047H         LINE#         157
  C:0049H         LINE#         158
BL51 BANKED LINKER/LOCATER V5.00                                                      06/25/2010  16:03:10  PAGE 5


  C:004BH         LINE#         159
  C:004DH         LINE#         160
  C:004DH         LINE#         161
  C:004FH         LINE#         162
  C:0051H         LINE#         163
  C:0051H         LINE#         166
  C:0056H         LINE#         167
  C:0058H         LINE#         168
  C:005AH         LINE#         170
  C:005CH         LINE#         171
  C:005CH         LINE#         172
  C:005EH         LINE#         173
  C:0060H         LINE#         174
  C:0060H         LINE#         176
  C:0065H         LINE#         179
  C:006AH         LINE#         180
  C:006CH         LINE#         181
  C:006EH         LINE#         182
  C:006EH         LINE#         183
  C:006EH         LINE#         184
  C:006EH         LINE#         185
  C:0070H         LINE#         187
  C:0075H         LINE#         188
  C:0077H         LINE#         189
  C:0079H         LINE#         190
  C:007BH         LINE#         191
  C:007BH         LINE#         192
  C:007BH         LINE#         193
  C:007DH         LINE#         195
  C:0082H         LINE#         196
  C:0084H         LINE#         197
  C:0086H         LINE#         198
  C:0088H         LINE#         199
  C:0088H         LINE#         200
  C:0088H         LINE#         201
  C:008AH         LINE#         203
  C:008FH         LINE#         204
  C:0091H         LINE#         205
  C:0093H         LINE#         206
  C:0095H         LINE#         207
  C:0097H         LINE#         208
  C:0099H         LINE#         209
  C:009BH         LINE#         211
  C:00A0H         LINE#         212
  C:00A2H         LINE#         213
  C:00A4H         LINE#         214
  C:00A6H         LINE#         215
  C:00A8H         LINE#         216
  C:00AAH         LINE#         217
  C:00ACH         LINE#         219
  C:00B1H         LINE#         220
  C:00B3H         LINE#         221
  C:00B5H         LINE#         222
  C:00B7H         LINE#         223
  C:00B9H         LINE#         224
  C:00BBH         LINE#         225
  C:00BDH         LINE#         226
BL51 BANKED LINKER/LOCATER V5.00                                                      06/25/2010  16:03:10  PAGE 6


  C:00BDH         LINE#         227
  C:00C0H         LINE#         228
  C:00C2H         LINE#         229
  C:00C2H         LINE#         232
  C:00C7H         LINE#         235
  -------         ENDPROC       MAIN
  -------         PROC          CONFIG905
  -------         DO            
  D:0008H         SYMBOL        i
  -------         ENDDO         
  C:00CAH         LINE#         242
  C:00CAH         LINE#         243
  C:00CAH         LINE#         245
  C:00CCH         LINE#         246
  C:00D1H         LINE#         247
  C:00E0H         LINE#         248
  C:00E0H         LINE#         249
  C:00E8H         LINE#         250
  C:00ECH         LINE#         251
  C:00EEH         LINE#         252
  -------         ENDPROC       CONFIG905
  -------         PROC          _SPIWRITE
  D:0007H         SYMBOL        byte
  -------         DO            
  D:0007H         SYMBOL        i
  -------         ENDDO         
  C:0112H         LINE#         256
  C:0112H         LINE#         257
  C:0112H         LINE#         259
  C:0114H         LINE#         260
  C:0116H         LINE#         261
  C:0116H         LINE#         263
  C:0119H         LINE#         264
  C:011DH         LINE#         266
  C:011FH         LINE#         267
  C:0121H         LINE#         268
  C:0127H         LINE#         269
  C:0129H         LINE#         270
  C:012DH         LINE#         271
  -------         ENDPROC       _SPIWRITE
  -------         PROC          SPIREAD
  -------         DO            
  D:0007H         SYMBOL        i
  -------         ENDDO         
  C:012EH         LINE#         275
  C:012EH         LINE#         276
  C:012EH         LINE#         278
  C:0130H         LINE#         279
  C:0130H         LINE#         280
  C:0136H         LINE#         281
  C:0138H         LINE#         282
  C:013BH         LINE#         283
  C:013FH         LINE#         285
  C:0141H         LINE#         288
  C:0143H         LINE#         289
  C:0147H         LINE#         290
  C:0149H         LINE#         291
BL51 BANKED LINKER/LOCATER V5.00                                                      06/25/2010  16:03:10  PAGE 7


  -------         ENDPROC       SPIREAD
  -------         PROC          RXPACKET
  -------         DO            
  D:0006H         SYMBOL        i
  -------         ENDDO         
  C:00EFH         LINE#         321
  C:00EFH         LINE#         322
  C:00EFH         LINE#         324
  C:00F1H         LINE#         325
  C:00F3H         LINE#         326
  C:00F8H         LINE#         327
  C:00FAH         LINE#         328
  C:00FAH         LINE#         329
  C:0103H         LINE#         330
  C:0107H         LINE#         331
  C:0109H         LINE#         332
  C:010FH         LINE#         333
  C:0111H         LINE#         335
  C:0111H         LINE#         338
  C:0111H         LINE#         339
  C:0111H         LINE#         342
  C:0111H         LINE#         344
  C:0111H         LINE#         347
  C:0111H         LINE#         348
  C:0111H         LINE#         351
  C:0111H         LINE#         353
  -------         ENDPROC       RXPACKET
  -------         PROC          SETRXMODE
  C:018DH         LINE#         367
  C:018DH         LINE#         368
  C:018DH         LINE#         369
  C:018FH         LINE#         370
  C:0191H         LINE#         371
  -------         ENDPROC       SETRXMODE
  -------         PROC          _DELAYMS
  D:0007H         SYMBOL        ms
  -------         DO            
  D:0006H         SYMBOL        i
  -------         ENDDO         
  C:0164H         LINE#         389
  C:0164H         LINE#         391
  C:0164H         LINE#         393
  C:016AH         LINE#         394
  C:016AH         LINE#         395
  C:0175H         LINE#         396
  C:0175H         LINE#         397
  -------         ENDPROC       _DELAYMS
  -------         PROC          REFREE_ALLPINS
  C:0196H         LINE#         399
  C:0196H         LINE#         400
  C:0198H         LINE#         401
  C:019AH         LINE#         402
  C:019CH         LINE#         403
  C:019EH         LINE#         404
  -------         ENDPROC       REFREE_ALLPINS
  -------         ENDMOD        Ê_¶________Äµ¥_¬»____ò

BL51 BANKED LINKER/LOCATER V5.00                                                      06/25/2010  16:03:10  PAGE 8


Program Size: data=80.0 xdata=0 code=415
LINK/LOCATE RUN COMPLETE.  0 WARNING(S),  0 ERROR(S)
